// Jest Snapshot v1, https://goo.gl/fbAQLP

exports[`test render LoadingModalDialog snapshot 1`] = `<DocumentFragment />`;
