// Jest Snapshot v1, https://goo.gl/fbAQLP

exports[`test render LoginScreen snapshot 1`] = `
<DocumentFragment>
  <div
    class="css-1jhze1m"
  >
    <div
      class="MuiGrid-root MuiGrid-container MuiGrid-direction-xs-column css-ujljcm-MuiGrid-root"
    >
      <div
        class="MuiGrid-root MuiGrid-item MuiGrid-grid-xs-12 css-1idn90j-MuiGrid-root"
      >
        <div
          class="MuiGrid-root MuiGrid-container css-1dgaazi-MuiGrid-root"
        >
          <div
            class="MuiGrid-root MuiGrid-item css-3fd9z3-MuiGrid-root"
          >
            <div
              class="MuiPaper-root MuiPaper-elevation MuiPaper-rounded MuiPaper-elevation1 MuiCard-root css-vlo4ox-MuiPaper-root-MuiCard-root"
            >
              <div
                class="MuiBox-root css-1arlb8v"
              >
                <div
                  class="MuiGrid-root MuiGrid-container MuiGrid-spacing-xs-2 css-919fip-MuiGrid-root"
                >
                  <div
                    class="MuiGrid-root MuiGrid-item MuiGrid-grid-xs-12 css-1idn90j-MuiGrid-root"
                  >
                    <h6
                      class="MuiTypography-root MuiTypography-subtitle1 css-y4bqle-MuiTypography-root"
                    >
                      Login with email
                    </h6>
                    <div
                      class="MuiFormControl-root MuiTextField-root css-1sqs9ir-MuiFormControl-root-MuiTextField-root"
                      style="width: 100%;"
                    >
                      <label
                        class="MuiInputLabel-root MuiInputLabel-formControl MuiInputLabel-animated MuiInputLabel-shrink MuiInputLabel-outlined MuiFormLabel-root MuiFormLabel-colorPrimary MuiFormLabel-filled css-1sumxir-MuiFormLabel-root-MuiInputLabel-root"
                        data-shrink="true"
                        for=":r0:"
                        id=":r0:-label"
                      >
                        Email
                      </label>
                      <div
                        class="MuiOutlinedInput-root MuiInputBase-root MuiInputBase-colorPrimary MuiInputBase-formControl css-9ddj71-MuiInputBase-root-MuiOutlinedInput-root"
                      >
                        <input
                          aria-invalid="false"
                          class="MuiOutlinedInput-input MuiInputBase-input css-1t8l2tu-MuiInputBase-input-MuiOutlinedInput-input"
                          id=":r0:"
                          type="email"
                          value="admin@gmail.com"
                        />
                        <fieldset
                          aria-hidden="true"
                          class="MuiOutlinedInput-notchedOutline css-1d3z3hw-MuiOutlinedInput-notchedOutline"
                        >
                          <legend
                            class="css-1in441m"
                          >
                            <span>
                              Email
                            </span>
                          </legend>
                        </fieldset>
                      </div>
                    </div>
                    <div
                      class="MuiFormControl-root css-1r7ruti-MuiFormControl-root"
                    >
                      <label
                        class="MuiInputLabel-root MuiInputLabel-formControl MuiInputLabel-animated MuiInputLabel-shrink MuiInputLabel-outlined MuiFormLabel-root MuiFormLabel-colorPrimary MuiFormLabel-filled css-1sumxir-MuiFormLabel-root-MuiInputLabel-root"
                        data-shrink="true"
                        for="outlined-adornment-password"
                      >
                        Password
                      </label>
                      <div
                        class="MuiOutlinedInput-root MuiInputBase-root MuiInputBase-colorPrimary MuiInputBase-formControl MuiInputBase-adornedEnd css-o9k5xi-MuiInputBase-root-MuiOutlinedInput-root"
                      >
                        <input
                          aria-invalid="false"
                          class="MuiOutlinedInput-input MuiInputBase-input MuiInputBase-inputAdornedEnd css-nxo287-MuiInputBase-input-MuiOutlinedInput-input"
                          id="outlined-adornment-password"
                          type="password"
                          value="123456"
                        />
                        <div
                          class="MuiInputAdornment-root MuiInputAdornment-positionEnd MuiInputAdornment-outlined MuiInputAdornment-sizeMedium css-1laqsz7-MuiInputAdornment-root"
                        >
                          <button
                            aria-label="toggle password visibility"
                            class="MuiButtonBase-root MuiIconButton-root MuiIconButton-sizeMedium css-78trlr-MuiButtonBase-root-MuiIconButton-root"
                            tabindex="0"
                            type="button"
                          >
                            <svg
                              aria-hidden="true"
                              class="MuiSvgIcon-root MuiSvgIcon-fontSizeMedium css-i4bv87-MuiSvgIcon-root"
                              data-testid="VisibilityIcon"
                              focusable="false"
                              viewBox="0 0 24 24"
                            >
                              <path
                                d="M12 4.5C7 4.5 2.73 7.61 1 12c1.73 4.39 6 7.5 11 7.5s9.27-3.11 11-7.5c-1.73-4.39-6-7.5-11-7.5zM12 17c-2.76 0-5-2.24-5-5s2.24-5 5-5 5 2.24 5 5-2.24 5-5 5zm0-8c-1.66 0-3 1.34-3 3s1.34 3 3 3 3-1.34 3-3-1.34-3-3-3z"
                              />
                            </svg>
                            <span
                              class="MuiTouchRipple-root css-8je8zh-MuiTouchRipple-root"
                            />
                          </button>
                        </div>
                        <fieldset
                          aria-hidden="true"
                          class="MuiOutlinedInput-notchedOutline css-1d3z3hw-MuiOutlinedInput-notchedOutline"
                        >
                          <legend
                            class="css-1in441m"
                          >
                            <span>
                              Password
                            </span>
                          </legend>
                        </fieldset>
                      </div>
                      <p
                        class="MuiFormHelperText-root MuiFormHelperText-sizeMedium MuiFormHelperText-contained MuiFormHelperText-filled css-1wc848c-MuiFormHelperText-root"
                      />
                    </div>
                    <div
                      class="MuiGrid-root MuiGrid-container css-pwltme-MuiGrid-root"
                    >
                      <div
                        class="MuiBox-root css-0"
                      >
                        <span
                          class="MuiCheckbox-root MuiCheckbox-colorPrimary MuiButtonBase-root MuiCheckbox-root MuiCheckbox-colorPrimary PrivateSwitchBase-root css-12wnr2w-MuiButtonBase-root-MuiCheckbox-root"
                          style="color: black;"
                        >
                          <input
                            aria-label="select all desserts"
                            class="PrivateSwitchBase-input css-1m9pwf3"
                            data-indeterminate="false"
                            type="checkbox"
                          />
                          <svg
                            aria-hidden="true"
                            class="MuiSvgIcon-root MuiSvgIcon-fontSizeMedium css-i4bv87-MuiSvgIcon-root"
                            data-testid="CheckBoxOutlineBlankIcon"
                            focusable="false"
                            viewBox="0 0 24 24"
                          >
                            <path
                              d="M19 5v14H5V5h14m0-2H5c-1.1 0-2 .9-2 2v14c0 1.1.9 2 2 2h14c1.1 0 2-.9 2-2V5c0-1.1-.9-2-2-2z"
                            />
                          </svg>
                          <span
                            class="MuiTouchRipple-root css-8je8zh-MuiTouchRipple-root"
                          />
                        </span>
                      </div>
                      <h2
                        class="MuiTypography-root MuiTypography-h6 css-1juivf6-MuiTypography-root"
                      >
                        Remember me
                      </h2>
                    </div>
                    <button
                      class="MuiButton-root MuiButton-contained MuiButton-containedPrimary MuiButton-sizeMedium MuiButton-containedSizeMedium MuiButtonBase-root  css-nm0o5x-MuiButtonBase-root-MuiButton-root"
                      tabindex="0"
                      type="button"
                    >
                      Sign in
                      <span
                        class="MuiTouchRipple-root css-8je8zh-MuiTouchRipple-root"
                      />
                    </button>
                  </div>
                  <div
                    class="MuiGrid-root MuiGrid-item MuiGrid-grid-xs-12 css-1idn90j-MuiGrid-root"
                  >
                    <hr
                      class="MuiDivider-root MuiDivider-fullWidth css-9mgopn-MuiDivider-root"
                    />
                  </div>
                  <div
                    class="MuiGrid-root MuiGrid-item MuiGrid-grid-xs-12 css-1idn90j-MuiGrid-root"
                  >
                    <div
                      class="MuiGrid-root MuiGrid-container MuiGrid-item MuiGrid-direction-xs-column MuiGrid-grid-xs-12 css-clh38r-MuiGrid-root"
                    >
                      <a
                        class="MuiTypography-root MuiTypography-subtitle1 css-93pbn4-MuiTypography-root"
                        href="/register/"
                      >
                        Don't have an account?
                      </a>
                      <a
                        class="MuiTypography-root MuiTypography-subtitle1 css-93pbn4-MuiTypography-root"
                        href="/about/"
                      >
                        Go to About
                      </a>
                    </div>
                  </div>
                </div>
              </div>
            </div>
          </div>
        </div>
      </div>
      <div
        class="MuiGrid-root MuiGrid-item MuiGrid-grid-xs-12 css-1lct78s-MuiGrid-root"
      />
    </div>
  </div>
</DocumentFragment>
`;
