// Jest Snapshot v1, https://goo.gl/fbAQLP

exports[`test renders AuthCardWrapper snapshot 1`] = `
<DocumentFragment>
  <div
    class="MuiPaper-root MuiPaper-elevation MuiPaper-rounded MuiPaper-elevation1 MuiCard-root css-vlo4ox-MuiPaper-root-MuiCard-root"
  >
    <div
      class="MuiBox-root css-1arlb8v"
    />
  </div>
</DocumentFragment>
`;
