// Jest Snapshot v1, https://goo.gl/fbAQLP

exports[`test renders AuthWrapper1 snapshot 1`] = `
<DocumentFragment>
  <div
    class="css-1jhze1m"
  />
</DocumentFragment>
`;
