// Jest Snapshot v1, https://goo.gl/fbAQLP

exports[`test renders DrawerHeaderComponent snapshot 1`] = `
<DocumentFragment>
  <div
    class="css-1u2mxbp"
  />
</DocumentFragment>
`;
